[0000]  WARN no explicit name and version provided for directory source, deriving artifact ID from the given path (which is not ideal)
2026-08-21T04:30:47Z	INFO	[vuln] Vulnerability scanning is enabled
2026-08-21T04:30:47Z	INFO	[secret] Secret scanning is enabled
2026-08-21T04:30:47Z	INFO	[secret] If your scanning is slow, please try '--scanners vuln' to disable secret scanning
2026-08-21T04:30:47Z	INFO	[secret] Please see https://trivy.dev/docs/v0.72/guide/scanner/secret#recommendation for faster secret detection
2026-08-21T04:30:47Z	INFO	Detected OS	family="debian" version="12.15"
2026-08-21T04:30:47Z	INFO	[debian] Detecting vulnerabilities...	os_version="12" pkg_num=10
2026-08-21T04:30:47Z	INFO	Number of language-specific files	num=0
2026-08-21T04:30:47Z	WARN	Using severities from other vendors for some vulnerabilities. Read https://trivy.dev/docs/v0.72/guide/scanner/vulnerability#severity-selection for details.
2026-08-21T04:30:49Z	INFO	[secret] Secret scanning is enabled
2026-08-21T04:30:49Z	INFO	[secret] Please see https://trivy.dev/docs/v0.72/guide/scanner/secret#recommendation for faster secret detection
2026-08-21T04:30:49Z	INFO	Suppressing dependencies for development and testing. To display them, try the '--include-dev-deps' flag.
2026-08-21T04:30:49Z	INFO	Number of language-specific files	num=2
{
  "checks": {
    "cargo_registry_checksum_closure": true,
    "component_registry_closed": true,
    "cosign_key_not_revoked": true,
    "cosign_positive": true,
    "cosign_tamper_negative": true,
    "cosign_wrong_publisher_negative": true,
    "docker_base_images_digest_pinned": true,
    "image_sbom_nonempty": true,
    "image_sbom_spdx": true,
    "manifest_evidence_digests_exact": true,
    "manifest_identity_exact": true,
    "no_critical_vulnerability": true,
    "no_fixable_high_vulnerability": true,
    "no_high_critical_misconfiguration": true,
    "no_image_secret": true,
    "no_source_secret": true,
    "offline_tools_network_none": true,
    "runtime_download_forbidden": true,
    "source_sbom_nonempty": true,
    "source_sbom_spdx": true,
    "third_party_notices_cover_registry": true,
    "tool_lock_exact": true,
    "trivy_db_within_policy_age": true,
    "trivy_java_db_within_seven_days": true,
    "trivy_policy_digest_exact": true,
    "trivy_policy_exact": true
  },
  "failure_reasons": [],
  "image_id": "sha256:0074bfe81ff4bf01abe9bc20521bc8886cfb5e5bbefb97ff6ae338a8970dca3c",
  "image_ref": "masi-plugin-host:module-gates",
  "manifest_digest": "sha256:a496a0c56640e1791475cb8aa87a54f87112e65100e360a5b27547c9cc1092a9",
  "module_id": "MOD-PLUGIN-001",
  "public_key_digest": "sha256:7aff4c5d9f3c5a149fc649bc4d1d24e5be23b640974a4ed0f3c72151efcc5676",
  "qualification": "NOT_QUALIFIED",
  "reason_code": "PLUGIN_HOST_SUPPLY_CHAIN_VERIFIED",
  "result": "PASS",
  "scan_counts": {
    "critical_vulnerabilities": 0,
    "fixable_high_vulnerabilities": 0,
    "high_critical_misconfigurations": 0,
    "image_secrets": 0,
    "source_secrets": 0
  },
  "schema_version": "plugin-host-supply-chain-evidence/v1",
  "signature_bundle_digest": "sha256:2377c013f856a381984ae1af90a60d83dd46a76d85fb33306988b8c548ee8345",
  "source_revision": "78536cbd1e7df2710385aed0ab0063f1e0509d0d",
  "source_tree_digest": "sha256:c825d1937eed81c58c23e8f86ab048c072db917f896f59c69741cc503d4e74c5"
}
