   Vendoring addr2line v0.26.1 (/root/.cargo/registry/src/index.crates.io-1949cf8c6b5b557f/addr2line-0.26.1) to /tmp/masi-plugin-host-oci.rRTFFn/vendor/addr2line-0.26.1
   Vendoring aho-corasick v1.1.5 (/root/.cargo/registry/src/index.crates.io-1949cf8c6b5b557f/aho-corasick-1.1.5) to /tmp/masi-plugin-host-oci.rRTFFn/vendor/aho-corasick-1.1.5
   Vendoring allocator-api2 v0.2.21 (/root/.cargo/registry/src/index.crates.io-1949cf8c6b5b557f/allocator-api2-0.2.21) to /tmp/masi-plugin-host-oci.rRTFFn/vendor/allocator-api2-0.2.21
   Vendoring anstream v1.0.0 (/root/.cargo/registry/src/index.crates.io-1949cf8c6b5b557f/anstream-1.0.0) to /tmp/masi-plugin-host-oci.rRTFFn/vendor/anstream-1.0.0
   Vendoring anstyle v1.0.14 (/root/.cargo/registry/src/index.crates.io-1949cf8c6b5b557f/anstyle-1.0.14) to /tmp/masi-plugin-host-oci.rRTFFn/vendor/anstyle-1.0.14
   Vendoring anstyle-parse v1.0.0 (/root/.cargo/registry/src/index.crates.io-1949cf8c6b5b557f/anstyle-parse-1.0.0) to /tmp/masi-plugin-host-oci.rRTFFn/vendor/anstyle-parse-1.0.0
   Vendoring anstyle-query v1.1.5 (/root/.cargo/registry/src/index.crates.io-1949cf8c6b5b557f/anstyle-query-1.1.5) to /tmp/masi-plugin-host-oci.rRTFFn/vendor/anstyle-query-1.1.5
   Vendoring anstyle-wincon v3.0.11 (/root/.cargo/registry/src/index.crates.io-1949cf8c6b5b557f/anstyle-wincon-3.0.11) to /tmp/masi-plugin-host-oci.rRTFFn/vendor/anstyle-wincon-3.0.11
   Vendoring anyhow v1.0.104 (/root/.cargo/registry/src/index.crates.io-1949cf8c6b5b557f/anyhow-1.0.104) to /tmp/masi-plugin-host-oci.rRTFFn/vendor/anyhow-1.0.104
   Vendoring arbitrary v1.4.2 (/root/.cargo/registry/src/index.crates.io-1949cf8c6b5b557f/arbitrary-1.4.2) to /tmp/masi-plugin-host-oci.rRTFFn/vendor/arbitrary-1.4.2
   Vendoring asn1-rs v0.7.2 (/root/.cargo/registry/src/index.crates.io-1949cf8c6b5b557f/asn1-rs-0.7.2) to /tmp/masi-plugin-host-oci.rRTFFn/vendor/asn1-rs-0.7.2
   Vendoring asn1-rs-derive v0.6.0 (/root/.cargo/registry/src/index.crates.io-1949cf8c6b5b557f/asn1-rs-derive-0.6.0) to /tmp/masi-plugin-host-oci.rRTFFn/vendor/asn1-rs-derive-0.6.0
   Vendoring asn1-rs-impl v0.2.0 (/root/.cargo/registry/src/index.crates.io-1949cf8c6b5b557f/asn1-rs-impl-0.2.0) to /tmp/masi-plugin-host-oci.rRTFFn/vendor/asn1-rs-impl-0.2.0
   Vendoring async-trait v0.1.92 (/root/.cargo/registry/src/index.crates.io-1949cf8c6b5b557f/async-trait-0.1.92) to /tmp/masi-plugin-host-oci.rRTFFn/vendor/async-trait-0.1.92
   Vendoring atomic-waker v1.1.2 (/root/.cargo/registry/src/index.crates.io-1949cf8c6b5b557f/atomic-waker-1.1.2) to /tmp/masi-plugin-host-oci.rRTFFn/vendor/atomic-waker-1.1.2
   Vendoring autocfg v1.5.1 (/root/.cargo/registry/src/index.crates.io-1949cf8c6b5b557f/autocfg-1.5.1) to /tmp/masi-plugin-host-oci.rRTFFn/vendor/autocfg-1.5.1
   Vendoring axum v0.8.9 (/root/.cargo/registry/src/index.crates.io-1949cf8c6b5b557f/axum-0.8.9) to /tmp/masi-plugin-host-oci.rRTFFn/vendor/axum-0.8.9
   Vendoring axum-core v0.5.6 (/root/.cargo/registry/src/index.crates.io-1949cf8c6b5b557f/axum-core-0.5.6) to /tmp/masi-plugin-host-oci.rRTFFn/vendor/axum-core-0.5.6
   Vendoring base64 v0.22.1 (/root/.cargo/registry/src/index.crates.io-1949cf8c6b5b557f/base64-0.22.1) to /tmp/masi-plugin-host-oci.rRTFFn/vendor/base64-0.22.1
   Vendoring bit-set v0.8.0 (/root/.cargo/registry/src/index.crates.io-1949cf8c6b5b557f/bit-set-0.8.0) to /tmp/masi-plugin-host-oci.rRTFFn/vendor/bit-set-0.8.0
   Vendoring bit-vec v0.8.0 (/root/.cargo/registry/src/index.crates.io-1949cf8c6b5b557f/bit-vec-0.8.0) to /tmp/masi-plugin-host-oci.rRTFFn/vendor/bit-vec-0.8.0
   Vendoring bit-vec v0.9.1 (/root/.cargo/registry/src/index.crates.io-1949cf8c6b5b557f/bit-vec-0.9.1) to /tmp/masi-plugin-host-oci.rRTFFn/vendor/bit-vec-0.9.1
   Vendoring bitflags v2.13.1 (/root/.cargo/registry/src/index.crates.io-1949cf8c6b5b557f/bitflags-2.13.1) to /tmp/masi-plugin-host-oci.rRTFFn/vendor/bitflags-2.13.1
   Vendoring block-buffer v0.10.4 (/root/.cargo/registry/src/index.crates.io-1949cf8c6b5b557f/block-buffer-0.10.4) to /tmp/masi-plugin-host-oci.rRTFFn/vendor/block-buffer-0.10.4
   Vendoring bumpalo v3.20.3 (/root/.cargo/registry/src/index.crates.io-1949cf8c6b5b557f/bumpalo-3.20.3) to /tmp/masi-plugin-host-oci.rRTFFn/vendor/bumpalo-3.20.3
   Vendoring bytes v1.12.1 (/root/.cargo/registry/src/index.crates.io-1949cf8c6b5b557f/bytes-1.12.1) to /tmp/masi-plugin-host-oci.rRTFFn/vendor/bytes-1.12.1
   Vendoring cc v1.4.3 (/root/.cargo/registry/src/index.crates.io-1949cf8c6b5b557f/cc-1.4.3) to /tmp/masi-plugin-host-oci.rRTFFn/vendor/cc-1.4.3
   Vendoring cfg-if v1.0.4 (/root/.cargo/registry/src/index.crates.io-1949cf8c6b5b557f/cfg-if-1.0.4) to /tmp/masi-plugin-host-oci.rRTFFn/vendor/cfg-if-1.0.4
   Vendoring clap v4.6.6 (/root/.cargo/registry/src/index.crates.io-1949cf8c6b5b557f/clap-4.6.6) to /tmp/masi-plugin-host-oci.rRTFFn/vendor/clap-4.6.6
   Vendoring clap_builder v4.6.6 (/root/.cargo/registry/src/index.crates.io-1949cf8c6b5b557f/clap_builder-4.6.6) to /tmp/masi-plugin-host-oci.rRTFFn/vendor/clap_builder-4.6.6
   Vendoring clap_derive v4.6.4 (/root/.cargo/registry/src/index.crates.io-1949cf8c6b5b557f/clap_derive-4.6.4) to /tmp/masi-plugin-host-oci.rRTFFn/vendor/clap_derive-4.6.4
   Vendoring clap_lex v1.1.0 (/root/.cargo/registry/src/index.crates.io-1949cf8c6b5b557f/clap_lex-1.1.0) to /tmp/masi-plugin-host-oci.rRTFFn/vendor/clap_lex-1.1.0
   Vendoring cobs v0.3.0 (/root/.cargo/registry/src/index.crates.io-1949cf8c6b5b557f/cobs-0.3.0) to /tmp/masi-plugin-host-oci.rRTFFn/vendor/cobs-0.3.0
   Vendoring colorchoice v1.0.5 (/root/.cargo/registry/src/index.crates.io-1949cf8c6b5b557f/colorchoice-1.0.5) to /tmp/masi-plugin-host-oci.rRTFFn/vendor/colorchoice-1.0.5
   Vendoring cpp_demangle v0.5.1 (/root/.cargo/registry/src/index.crates.io-1949cf8c6b5b557f/cpp_demangle-0.5.1) to /tmp/masi-plugin-host-oci.rRTFFn/vendor/cpp_demangle-0.5.1
   Vendoring cpufeatures v0.2.17 (/root/.cargo/registry/src/index.crates.io-1949cf8c6b5b557f/cpufeatures-0.2.17) to /tmp/masi-plugin-host-oci.rRTFFn/vendor/cpufeatures-0.2.17
   Vendoring cranelift-assembler-x64 v0.134.4 (/root/.cargo/registry/src/index.crates.io-1949cf8c6b5b557f/cranelift-assembler-x64-0.134.4) to /tmp/masi-plugin-host-oci.rRTFFn/vendor/cranelift-assembler-x64-0.134.4
   Vendoring cranelift-assembler-x64-meta v0.134.4 (/root/.cargo/registry/src/index.crates.io-1949cf8c6b5b557f/cranelift-assembler-x64-meta-0.134.4) to /tmp/masi-plugin-host-oci.rRTFFn/vendor/cranelift-assembler-x64-meta-0.134.4
   Vendoring cranelift-bforest v0.134.3 (/root/.cargo/registry/src/index.crates.io-1949cf8c6b5b557f/cranelift-bforest-0.134.3) to /tmp/masi-plugin-host-oci.rRTFFn/vendor/cranelift-bforest-0.134.3
   Vendoring cranelift-bitset v0.134.3 (/root/.cargo/registry/src/index.crates.io-1949cf8c6b5b557f/cranelift-bitset-0.134.3) to /tmp/masi-plugin-host-oci.rRTFFn/vendor/cranelift-bitset-0.134.3
   Vendoring cranelift-codegen v0.134.3 (/root/.cargo/registry/src/index.crates.io-1949cf8c6b5b557f/cranelift-codegen-0.134.3) to /tmp/masi-plugin-host-oci.rRTFFn/vendor/cranelift-codegen-0.134.3
   Vendoring cranelift-codegen-meta v0.134.3 (/root/.cargo/registry/src/index.crates.io-1949cf8c6b5b557f/cranelift-codegen-meta-0.134.3) to /tmp/masi-plugin-host-oci.rRTFFn/vendor/cranelift-codegen-meta-0.134.3
   Vendoring cranelift-codegen-shared v0.134.4 (/root/.cargo/registry/src/index.crates.io-1949cf8c6b5b557f/cranelift-codegen-shared-0.134.4) to /tmp/masi-plugin-host-oci.rRTFFn/vendor/cranelift-codegen-shared-0.134.4
   Vendoring cranelift-control v0.134.4 (/root/.cargo/registry/src/index.crates.io-1949cf8c6b5b557f/cranelift-control-0.134.4) to /tmp/masi-plugin-host-oci.rRTFFn/vendor/cranelift-control-0.134.4
   Vendoring cranelift-entity v0.134.3 (/root/.cargo/registry/src/index.crates.io-1949cf8c6b5b557f/cranelift-entity-0.134.3) to /tmp/masi-plugin-host-oci.rRTFFn/vendor/cranelift-entity-0.134.3
   Vendoring cranelift-frontend v0.134.3 (/root/.cargo/registry/src/index.crates.io-1949cf8c6b5b557f/cranelift-frontend-0.134.3) to /tmp/masi-plugin-host-oci.rRTFFn/vendor/cranelift-frontend-0.134.3
   Vendoring cranelift-isle v0.134.3 (/root/.cargo/registry/src/index.crates.io-1949cf8c6b5b557f/cranelift-isle-0.134.3) to /tmp/masi-plugin-host-oci.rRTFFn/vendor/cranelift-isle-0.134.3
   Vendoring cranelift-native v0.134.3 (/root/.cargo/registry/src/index.crates.io-1949cf8c6b5b557f/cranelift-native-0.134.3) to /tmp/masi-plugin-host-oci.rRTFFn/vendor/cranelift-native-0.134.3
   Vendoring cranelift-srcgen v0.134.4 (/root/.cargo/registry/src/index.crates.io-1949cf8c6b5b557f/cranelift-srcgen-0.134.4) to /tmp/masi-plugin-host-oci.rRTFFn/vendor/cranelift-srcgen-0.134.4
   Vendoring crc32fast v1.5.0 (/root/.cargo/registry/src/index.crates.io-1949cf8c6b5b557f/crc32fast-1.5.0) to /tmp/masi-plugin-host-oci.rRTFFn/vendor/crc32fast-1.5.0
   Vendoring crypto-common v0.1.7 (/root/.cargo/registry/src/index.crates.io-1949cf8c6b5b557f/crypto-common-0.1.7) to /tmp/masi-plugin-host-oci.rRTFFn/vendor/crypto-common-0.1.7
   Vendoring data-encoding v2.11.1 (/root/.cargo/registry/src/index.crates.io-1949cf8c6b5b557f/data-encoding-2.11.1) to /tmp/masi-plugin-host-oci.rRTFFn/vendor/data-encoding-2.11.1
   Vendoring der-parser v10.0.0 (/root/.cargo/registry/src/index.crates.io-1949cf8c6b5b557f/der-parser-10.0.0) to /tmp/masi-plugin-host-oci.rRTFFn/vendor/der-parser-10.0.0
   Vendoring deranged v0.5.8 (/root/.cargo/registry/src/index.crates.io-1949cf8c6b5b557f/deranged-0.5.8) to /tmp/masi-plugin-host-oci.rRTFFn/vendor/deranged-0.5.8
   Vendoring digest v0.10.7 (/root/.cargo/registry/src/index.crates.io-1949cf8c6b5b557f/digest-0.10.7) to /tmp/masi-plugin-host-oci.rRTFFn/vendor/digest-0.10.7
   Vendoring displaydoc v0.2.7 (/root/.cargo/registry/src/index.crates.io-1949cf8c6b5b557f/displaydoc-0.2.7) to /tmp/masi-plugin-host-oci.rRTFFn/vendor/displaydoc-0.2.7
   Vendoring either v1.18.0 (/root/.cargo/registry/src/index.crates.io-1949cf8c6b5b557f/either-1.18.0) to /tmp/masi-plugin-host-oci.rRTFFn/vendor/either-1.18.0
   Vendoring embedded-io v0.4.0 (/root/.cargo/registry/src/index.crates.io-1949cf8c6b5b557f/embedded-io-0.4.0) to /tmp/masi-plugin-host-oci.rRTFFn/vendor/embedded-io-0.4.0
   Vendoring embedded-io v0.6.1 (/root/.cargo/registry/src/index.crates.io-1949cf8c6b5b557f/embedded-io-0.6.1) to /tmp/masi-plugin-host-oci.rRTFFn/vendor/embedded-io-0.6.1
   Vendoring encoding_rs v0.8.35 (/root/.cargo/registry/src/index.crates.io-1949cf8c6b5b557f/encoding_rs-0.8.35) to /tmp/masi-plugin-host-oci.rRTFFn/vendor/encoding_rs-0.8.35
   Vendoring equivalent v1.0.2 (/root/.cargo/registry/src/index.crates.io-1949cf8c6b5b557f/equivalent-1.0.2) to /tmp/masi-plugin-host-oci.rRTFFn/vendor/equivalent-1.0.2
   Vendoring errno v0.3.14 (/root/.cargo/registry/src/index.crates.io-1949cf8c6b5b557f/errno-0.3.14) to /tmp/masi-plugin-host-oci.rRTFFn/vendor/errno-0.3.14
   Vendoring fastrand v2.5.0 (/root/.cargo/registry/src/index.crates.io-1949cf8c6b5b557f/fastrand-2.5.0) to /tmp/masi-plugin-host-oci.rRTFFn/vendor/fastrand-2.5.0
   Vendoring find-msvc-tools v0.1.11 (/root/.cargo/registry/src/index.crates.io-1949cf8c6b5b557f/find-msvc-tools-0.1.11) to /tmp/masi-plugin-host-oci.rRTFFn/vendor/find-msvc-tools-0.1.11
   Vendoring fixedbitset v0.5.7 (/root/.cargo/registry/src/index.crates.io-1949cf8c6b5b557f/fixedbitset-0.5.7) to /tmp/masi-plugin-host-oci.rRTFFn/vendor/fixedbitset-0.5.7
   Vendoring fnv v1.0.7 (/root/.cargo/registry/src/index.crates.io-1949cf8c6b5b557f/fnv-1.0.7) to /tmp/masi-plugin-host-oci.rRTFFn/vendor/fnv-1.0.7
   Vendoring foldhash v0.1.5 (/root/.cargo/registry/src/index.crates.io-1949cf8c6b5b557f/foldhash-0.1.5) to /tmp/masi-plugin-host-oci.rRTFFn/vendor/foldhash-0.1.5
   Vendoring foldhash v0.2.0 (/root/.cargo/registry/src/index.crates.io-1949cf8c6b5b557f/foldhash-0.2.0) to /tmp/masi-plugin-host-oci.rRTFFn/vendor/foldhash-0.2.0
   Vendoring futures v0.3.34 (/root/.cargo/registry/src/index.crates.io-1949cf8c6b5b557f/futures-0.3.34) to /tmp/masi-plugin-host-oci.rRTFFn/vendor/futures-0.3.34
   Vendoring futures-channel v0.3.34 (/root/.cargo/registry/src/index.crates.io-1949cf8c6b5b557f/futures-channel-0.3.34) to /tmp/masi-plugin-host-oci.rRTFFn/vendor/futures-channel-0.3.34
   Vendoring futures-core v0.3.34 (/root/.cargo/registry/src/index.crates.io-1949cf8c6b5b557f/futures-core-0.3.34) to /tmp/masi-plugin-host-oci.rRTFFn/vendor/futures-core-0.3.34
   Vendoring futures-io v0.3.34 (/root/.cargo/registry/src/index.crates.io-1949cf8c6b5b557f/futures-io-0.3.34) to /tmp/masi-plugin-host-oci.rRTFFn/vendor/futures-io-0.3.34
   Vendoring futures-sink v0.3.34 (/root/.cargo/registry/src/index.crates.io-1949cf8c6b5b557f/futures-sink-0.3.34) to /tmp/masi-plugin-host-oci.rRTFFn/vendor/futures-sink-0.3.34
   Vendoring futures-task v0.3.34 (/root/.cargo/registry/src/index.crates.io-1949cf8c6b5b557f/futures-task-0.3.34) to /tmp/masi-plugin-host-oci.rRTFFn/vendor/futures-task-0.3.34
   Vendoring futures-util v0.3.34 (/root/.cargo/registry/src/index.crates.io-1949cf8c6b5b557f/futures-util-0.3.34) to /tmp/masi-plugin-host-oci.rRTFFn/vendor/futures-util-0.3.34
   Vendoring generic-array v0.14.7 (/root/.cargo/registry/src/index.crates.io-1949cf8c6b5b557f/generic-array-0.14.7) to /tmp/masi-plugin-host-oci.rRTFFn/vendor/generic-array-0.14.7
   Vendoring getrandom v0.2.17 (/root/.cargo/registry/src/index.crates.io-1949cf8c6b5b557f/getrandom-0.2.17) to /tmp/masi-plugin-host-oci.rRTFFn/vendor/getrandom-0.2.17
   Vendoring getrandom v0.3.4 (/root/.cargo/registry/src/index.crates.io-1949cf8c6b5b557f/getrandom-0.3.4) to /tmp/masi-plugin-host-oci.rRTFFn/vendor/getrandom-0.3.4
   Vendoring getrandom v0.4.3 (/root/.cargo/registry/src/index.crates.io-1949cf8c6b5b557f/getrandom-0.4.3) to /tmp/masi-plugin-host-oci.rRTFFn/vendor/getrandom-0.4.3
   Vendoring gimli v0.33.0 (/root/.cargo/registry/src/index.crates.io-1949cf8c6b5b557f/gimli-0.33.0) to /tmp/masi-plugin-host-oci.rRTFFn/vendor/gimli-0.33.0
   Vendoring h2 v0.4.18 (/root/.cargo/registry/src/index.crates.io-1949cf8c6b5b557f/h2-0.4.18) to /tmp/masi-plugin-host-oci.rRTFFn/vendor/h2-0.4.18
   Vendoring hashbrown v0.15.5 (/root/.cargo/registry/src/index.crates.io-1949cf8c6b5b557f/hashbrown-0.15.5) to /tmp/masi-plugin-host-oci.rRTFFn/vendor/hashbrown-0.15.5
   Vendoring hashbrown v0.16.1 (/root/.cargo/registry/src/index.crates.io-1949cf8c6b5b557f/hashbrown-0.16.1) to /tmp/masi-plugin-host-oci.rRTFFn/vendor/hashbrown-0.16.1
   Vendoring hashbrown v0.17.1 (/root/.cargo/registry/src/index.crates.io-1949cf8c6b5b557f/hashbrown-0.17.1) to /tmp/masi-plugin-host-oci.rRTFFn/vendor/hashbrown-0.17.1
   Vendoring heck v0.5.0 (/root/.cargo/registry/src/index.crates.io-1949cf8c6b5b557f/heck-0.5.0) to /tmp/masi-plugin-host-oci.rRTFFn/vendor/heck-0.5.0
   Vendoring hex v0.4.3 (/root/.cargo/registry/src/index.crates.io-1949cf8c6b5b557f/hex-0.4.3) to /tmp/masi-plugin-host-oci.rRTFFn/vendor/hex-0.4.3
   Vendoring http v1.5.0 (/root/.cargo/registry/src/index.crates.io-1949cf8c6b5b557f/http-1.5.0) to /tmp/masi-plugin-host-oci.rRTFFn/vendor/http-1.5.0
   Vendoring http-body v1.1.0 (/root/.cargo/registry/src/index.crates.io-1949cf8c6b5b557f/http-body-1.1.0) to /tmp/masi-plugin-host-oci.rRTFFn/vendor/http-body-1.1.0
   Vendoring http-body-util v0.1.5 (/root/.cargo/registry/src/index.crates.io-1949cf8c6b5b557f/http-body-util-0.1.5) to /tmp/masi-plugin-host-oci.rRTFFn/vendor/http-body-util-0.1.5
   Vendoring httparse v1.10.1 (/root/.cargo/registry/src/index.crates.io-1949cf8c6b5b557f/httparse-1.10.1) to /tmp/masi-plugin-host-oci.rRTFFn/vendor/httparse-1.10.1
   Vendoring httpdate v1.0.3 (/root/.cargo/registry/src/index.crates.io-1949cf8c6b5b557f/httpdate-1.0.3) to /tmp/masi-plugin-host-oci.rRTFFn/vendor/httpdate-1.0.3
   Vendoring hyper v1.11.0 (/root/.cargo/registry/src/index.crates.io-1949cf8c6b5b557f/hyper-1.11.0) to /tmp/masi-plugin-host-oci.rRTFFn/vendor/hyper-1.11.0
   Vendoring hyper-timeout v0.5.2 (/root/.cargo/registry/src/index.crates.io-1949cf8c6b5b557f/hyper-timeout-0.5.2) to /tmp/masi-plugin-host-oci.rRTFFn/vendor/hyper-timeout-0.5.2
   Vendoring hyper-util v0.1.20 (/root/.cargo/registry/src/index.crates.io-1949cf8c6b5b557f/hyper-util-0.1.20) to /tmp/masi-plugin-host-oci.rRTFFn/vendor/hyper-util-0.1.20
   Vendoring id-arena v2.3.0 (/root/.cargo/registry/src/index.crates.io-1949cf8c6b5b557f/id-arena-2.3.0) to /tmp/masi-plugin-host-oci.rRTFFn/vendor/id-arena-2.3.0
   Vendoring indexmap v2.14.0 (/root/.cargo/registry/src/index.crates.io-1949cf8c6b5b557f/indexmap-2.14.0) to /tmp/masi-plugin-host-oci.rRTFFn/vendor/indexmap-2.14.0
   Vendoring is_terminal_polyfill v1.70.2 (/root/.cargo/registry/src/index.crates.io-1949cf8c6b5b557f/is_terminal_polyfill-1.70.2) to /tmp/masi-plugin-host-oci.rRTFFn/vendor/is_terminal_polyfill-1.70.2
   Vendoring itertools v0.14.0 (/root/.cargo/registry/src/index.crates.io-1949cf8c6b5b557f/itertools-0.14.0) to /tmp/masi-plugin-host-oci.rRTFFn/vendor/itertools-0.14.0
   Vendoring itoa v1.0.18 (/root/.cargo/registry/src/index.crates.io-1949cf8c6b5b557f/itoa-1.0.18) to /tmp/masi-plugin-host-oci.rRTFFn/vendor/itoa-1.0.18
   Vendoring js-sys v0.3.104 (/root/.cargo/registry/src/index.crates.io-1949cf8c6b5b557f/js-sys-0.3.104) to /tmp/masi-plugin-host-oci.rRTFFn/vendor/js-sys-0.3.104
   Vendoring lazy_static v1.5.0 (/root/.cargo/registry/src/index.crates.io-1949cf8c6b5b557f/lazy_static-1.5.0) to /tmp/masi-plugin-host-oci.rRTFFn/vendor/lazy_static-1.5.0
   Vendoring leb128fmt v0.1.0 (/root/.cargo/registry/src/index.crates.io-1949cf8c6b5b557f/leb128fmt-0.1.0) to /tmp/masi-plugin-host-oci.rRTFFn/vendor/leb128fmt-0.1.0
   Vendoring libc v0.2.189 (/root/.cargo/registry/src/index.crates.io-1949cf8c6b5b557f/libc-0.2.189) to /tmp/masi-plugin-host-oci.rRTFFn/vendor/libc-0.2.189
   Vendoring libm v0.2.16 (/root/.cargo/registry/src/index.crates.io-1949cf8c6b5b557f/libm-0.2.16) to /tmp/masi-plugin-host-oci.rRTFFn/vendor/libm-0.2.16
   Vendoring linux-raw-sys v0.12.1 (/root/.cargo/registry/src/index.crates.io-1949cf8c6b5b557f/linux-raw-sys-0.12.1) to /tmp/masi-plugin-host-oci.rRTFFn/vendor/linux-raw-sys-0.12.1
   Vendoring log v0.4.33 (/root/.cargo/registry/src/index.crates.io-1949cf8c6b5b557f/log-0.4.33) to /tmp/masi-plugin-host-oci.rRTFFn/vendor/log-0.4.33
   Vendoring mach2 v0.6.0 (/root/.cargo/registry/src/index.crates.io-1949cf8c6b5b557f/mach2-0.6.0) to /tmp/masi-plugin-host-oci.rRTFFn/vendor/mach2-0.6.0
   Vendoring matchers v0.2.0 (/root/.cargo/registry/src/index.crates.io-1949cf8c6b5b557f/matchers-0.2.0) to /tmp/masi-plugin-host-oci.rRTFFn/vendor/matchers-0.2.0
   Vendoring matchit v0.8.4 (/root/.cargo/registry/src/index.crates.io-1949cf8c6b5b557f/matchit-0.8.4) to /tmp/masi-plugin-host-oci.rRTFFn/vendor/matchit-0.8.4
   Vendoring memchr v2.8.3 (/root/.cargo/registry/src/index.crates.io-1949cf8c6b5b557f/memchr-2.8.3) to /tmp/masi-plugin-host-oci.rRTFFn/vendor/memchr-2.8.3
   Vendoring memfd v0.6.5 (/root/.cargo/registry/src/index.crates.io-1949cf8c6b5b557f/memfd-0.6.5) to /tmp/masi-plugin-host-oci.rRTFFn/vendor/memfd-0.6.5
   Vendoring mime v0.3.17 (/root/.cargo/registry/src/index.crates.io-1949cf8c6b5b557f/mime-0.3.17) to /tmp/masi-plugin-host-oci.rRTFFn/vendor/mime-0.3.17
   Vendoring minimal-lexical v0.2.1 (/root/.cargo/registry/src/index.crates.io-1949cf8c6b5b557f/minimal-lexical-0.2.1) to /tmp/masi-plugin-host-oci.rRTFFn/vendor/minimal-lexical-0.2.1
   Vendoring mio v1.2.2 (/root/.cargo/registry/src/index.crates.io-1949cf8c6b5b557f/mio-1.2.2) to /tmp/masi-plugin-host-oci.rRTFFn/vendor/mio-1.2.2
   Vendoring multimap v0.10.1 (/root/.cargo/registry/src/index.crates.io-1949cf8c6b5b557f/multimap-0.10.1) to /tmp/masi-plugin-host-oci.rRTFFn/vendor/multimap-0.10.1
   Vendoring nom v7.1.3 (/root/.cargo/registry/src/index.crates.io-1949cf8c6b5b557f/nom-7.1.3) to /tmp/masi-plugin-host-oci.rRTFFn/vendor/nom-7.1.3
   Vendoring nu-ansi-term v0.50.3 (/root/.cargo/registry/src/index.crates.io-1949cf8c6b5b557f/nu-ansi-term-0.50.3) to /tmp/masi-plugin-host-oci.rRTFFn/vendor/nu-ansi-term-0.50.3
   Vendoring num-bigint v0.4.8 (/root/.cargo/registry/src/index.crates.io-1949cf8c6b5b557f/num-bigint-0.4.8) to /tmp/masi-plugin-host-oci.rRTFFn/vendor/num-bigint-0.4.8
   Vendoring num-conv v0.2.2 (/root/.cargo/registry/src/index.crates.io-1949cf8c6b5b557f/num-conv-0.2.2) to /tmp/masi-plugin-host-oci.rRTFFn/vendor/num-conv-0.2.2
   Vendoring num-integer v0.1.47 (/root/.cargo/registry/src/index.crates.io-1949cf8c6b5b557f/num-integer-0.1.47) to /tmp/masi-plugin-host-oci.rRTFFn/vendor/num-integer-0.1.47
   Vendoring num-traits v0.2.19 (/root/.cargo/registry/src/index.crates.io-1949cf8c6b5b557f/num-traits-0.2.19) to /tmp/masi-plugin-host-oci.rRTFFn/vendor/num-traits-0.2.19
   Vendoring object v0.39.1 (/root/.cargo/registry/src/index.crates.io-1949cf8c6b5b557f/object-0.39.1) to /tmp/masi-plugin-host-oci.rRTFFn/vendor/object-0.39.1
   Vendoring oid-registry v0.8.1 (/root/.cargo/registry/src/index.crates.io-1949cf8c6b5b557f/oid-registry-0.8.1) to /tmp/masi-plugin-host-oci.rRTFFn/vendor/oid-registry-0.8.1
   Vendoring once_cell v1.21.4 (/root/.cargo/registry/src/index.crates.io-1949cf8c6b5b557f/once_cell-1.21.4) to /tmp/masi-plugin-host-oci.rRTFFn/vendor/once_cell-1.21.4
   Vendoring once_cell_polyfill v1.70.2 (/root/.cargo/registry/src/index.crates.io-1949cf8c6b5b557f/once_cell_polyfill-1.70.2) to /tmp/masi-plugin-host-oci.rRTFFn/vendor/once_cell_polyfill-1.70.2
   Vendoring pem v3.0.6 (/root/.cargo/registry/src/index.crates.io-1949cf8c6b5b557f/pem-3.0.6) to /tmp/masi-plugin-host-oci.rRTFFn/vendor/pem-3.0.6
   Vendoring percent-encoding v2.3.2 (/root/.cargo/registry/src/index.crates.io-1949cf8c6b5b557f/percent-encoding-2.3.2) to /tmp/masi-plugin-host-oci.rRTFFn/vendor/percent-encoding-2.3.2
   Vendoring petgraph v0.8.3 (/root/.cargo/registry/src/index.crates.io-1949cf8c6b5b557f/petgraph-0.8.3) to /tmp/masi-plugin-host-oci.rRTFFn/vendor/petgraph-0.8.3
   Vendoring pin-project v1.1.13 (/root/.cargo/registry/src/index.crates.io-1949cf8c6b5b557f/pin-project-1.1.13) to /tmp/masi-plugin-host-oci.rRTFFn/vendor/pin-project-1.1.13
   Vendoring pin-project-internal v1.1.13 (/root/.cargo/registry/src/index.crates.io-1949cf8c6b5b557f/pin-project-internal-1.1.13) to /tmp/masi-plugin-host-oci.rRTFFn/vendor/pin-project-internal-1.1.13
   Vendoring pin-project-lite v0.2.17 (/root/.cargo/registry/src/index.crates.io-1949cf8c6b5b557f/pin-project-lite-0.2.17) to /tmp/masi-plugin-host-oci.rRTFFn/vendor/pin-project-lite-0.2.17
   Vendoring postcard v1.1.3 (/root/.cargo/registry/src/index.crates.io-1949cf8c6b5b557f/postcard-1.1.3) to /tmp/masi-plugin-host-oci.rRTFFn/vendor/postcard-1.1.3
   Vendoring powerfmt v0.2.0 (/root/.cargo/registry/src/index.crates.io-1949cf8c6b5b557f/powerfmt-0.2.0) to /tmp/masi-plugin-host-oci.rRTFFn/vendor/powerfmt-0.2.0
   Vendoring ppv-lite86 v0.2.21 (/root/.cargo/registry/src/index.crates.io-1949cf8c6b5b557f/ppv-lite86-0.2.21) to /tmp/masi-plugin-host-oci.rRTFFn/vendor/ppv-lite86-0.2.21
   Vendoring prettyplease v0.2.37 (/root/.cargo/registry/src/index.crates.io-1949cf8c6b5b557f/prettyplease-0.2.37) to /tmp/masi-plugin-host-oci.rRTFFn/vendor/prettyplease-0.2.37
   Vendoring proc-macro2 v1.0.107 (/root/.cargo/registry/src/index.crates.io-1949cf8c6b5b557f/proc-macro2-1.0.107) to /tmp/masi-plugin-host-oci.rRTFFn/vendor/proc-macro2-1.0.107
   Vendoring proptest v1.11.0 (/root/.cargo/registry/src/index.crates.io-1949cf8c6b5b557f/proptest-1.11.0) to /tmp/masi-plugin-host-oci.rRTFFn/vendor/proptest-1.11.0
   Vendoring prost v0.14.4 (/root/.cargo/registry/src/index.crates.io-1949cf8c6b5b557f/prost-0.14.4) to /tmp/masi-plugin-host-oci.rRTFFn/vendor/prost-0.14.4
   Vendoring prost-build v0.14.4 (/root/.cargo/registry/src/index.crates.io-1949cf8c6b5b557f/prost-build-0.14.4) to /tmp/masi-plugin-host-oci.rRTFFn/vendor/prost-build-0.14.4
   Vendoring prost-derive v0.14.4 (/root/.cargo/registry/src/index.crates.io-1949cf8c6b5b557f/prost-derive-0.14.4) to /tmp/masi-plugin-host-oci.rRTFFn/vendor/prost-derive-0.14.4
   Vendoring prost-types v0.14.4 (/root/.cargo/registry/src/index.crates.io-1949cf8c6b5b557f/prost-types-0.14.4) to /tmp/masi-plugin-host-oci.rRTFFn/vendor/prost-types-0.14.4
   Vendoring protoc-bin-vendored v3.2.0 (/root/.cargo/registry/src/index.crates.io-1949cf8c6b5b557f/protoc-bin-vendored-3.2.0) to /tmp/masi-plugin-host-oci.rRTFFn/vendor/protoc-bin-vendored-3.2.0
   Vendoring protoc-bin-vendored-linux-aarch_64 v3.2.0 (/root/.cargo/registry/src/index.crates.io-1949cf8c6b5b557f/protoc-bin-vendored-linux-aarch_64-3.2.0) to /tmp/masi-plugin-host-oci.rRTFFn/vendor/protoc-bin-vendored-linux-aarch_64-3.2.0
   Vendoring protoc-bin-vendored-linux-ppcle_64 v3.2.0 (/root/.cargo/registry/src/index.crates.io-1949cf8c6b5b557f/protoc-bin-vendored-linux-ppcle_64-3.2.0) to /tmp/masi-plugin-host-oci.rRTFFn/vendor/protoc-bin-vendored-linux-ppcle_64-3.2.0
   Vendoring protoc-bin-vendored-linux-s390_64 v3.2.0 (/root/.cargo/registry/src/index.crates.io-1949cf8c6b5b557f/protoc-bin-vendored-linux-s390_64-3.2.0) to /tmp/masi-plugin-host-oci.rRTFFn/vendor/protoc-bin-vendored-linux-s390_64-3.2.0
   Vendoring protoc-bin-vendored-linux-x86_32 v3.2.0 (/root/.cargo/registry/src/index.crates.io-1949cf8c6b5b557f/protoc-bin-vendored-linux-x86_32-3.2.0) to /tmp/masi-plugin-host-oci.rRTFFn/vendor/protoc-bin-vendored-linux-x86_32-3.2.0
   Vendoring protoc-bin-vendored-linux-x86_64 v3.2.0 (/root/.cargo/registry/src/index.crates.io-1949cf8c6b5b557f/protoc-bin-vendored-linux-x86_64-3.2.0) to /tmp/masi-plugin-host-oci.rRTFFn/vendor/protoc-bin-vendored-linux-x86_64-3.2.0
   Vendoring protoc-bin-vendored-macos-aarch_64 v3.2.0 (/root/.cargo/registry/src/index.crates.io-1949cf8c6b5b557f/protoc-bin-vendored-macos-aarch_64-3.2.0) to /tmp/masi-plugin-host-oci.rRTFFn/vendor/protoc-bin-vendored-macos-aarch_64-3.2.0
   Vendoring protoc-bin-vendored-macos-x86_64 v3.2.0 (/root/.cargo/registry/src/index.crates.io-1949cf8c6b5b557f/protoc-bin-vendored-macos-x86_64-3.2.0) to /tmp/masi-plugin-host-oci.rRTFFn/vendor/protoc-bin-vendored-macos-x86_64-3.2.0
   Vendoring protoc-bin-vendored-win32 v3.2.0 (/root/.cargo/registry/src/index.crates.io-1949cf8c6b5b557f/protoc-bin-vendored-win32-3.2.0) to /tmp/masi-plugin-host-oci.rRTFFn/vendor/protoc-bin-vendored-win32-3.2.0
   Vendoring pulldown-cmark v0.13.4 (/root/.cargo/registry/src/index.crates.io-1949cf8c6b5b557f/pulldown-cmark-0.13.4) to /tmp/masi-plugin-host-oci.rRTFFn/vendor/pulldown-cmark-0.13.4
   Vendoring pulldown-cmark-to-cmark v22.0.1 (/root/.cargo/registry/src/index.crates.io-1949cf8c6b5b557f/pulldown-cmark-to-cmark-22.0.1) to /tmp/masi-plugin-host-oci.rRTFFn/vendor/pulldown-cmark-to-cmark-22.0.1
   Vendoring pulley-interpreter v47.0.3 (/root/.cargo/registry/src/index.crates.io-1949cf8c6b5b557f/pulley-interpreter-47.0.3) to /tmp/masi-plugin-host-oci.rRTFFn/vendor/pulley-interpreter-47.0.3
   Vendoring pulley-macros v47.0.3 (/root/.cargo/registry/src/index.crates.io-1949cf8c6b5b557f/pulley-macros-47.0.3) to /tmp/masi-plugin-host-oci.rRTFFn/vendor/pulley-macros-47.0.3
   Vendoring quick-error v1.2.3 (/root/.cargo/registry/src/index.crates.io-1949cf8c6b5b557f/quick-error-1.2.3) to /tmp/masi-plugin-host-oci.rRTFFn/vendor/quick-error-1.2.3
   Vendoring quote v1.0.47 (/root/.cargo/registry/src/index.crates.io-1949cf8c6b5b557f/quote-1.0.47) to /tmp/masi-plugin-host-oci.rRTFFn/vendor/quote-1.0.47
   Vendoring r-efi v5.3.0 (/root/.cargo/registry/src/index.crates.io-1949cf8c6b5b557f/r-efi-5.3.0) to /tmp/masi-plugin-host-oci.rRTFFn/vendor/r-efi-5.3.0
   Vendoring r-efi v6.0.0 (/root/.cargo/registry/src/index.crates.io-1949cf8c6b5b557f/r-efi-6.0.0) to /tmp/masi-plugin-host-oci.rRTFFn/vendor/r-efi-6.0.0
   Vendoring rand v0.9.5 (/root/.cargo/registry/src/index.crates.io-1949cf8c6b5b557f/rand-0.9.5) to /tmp/masi-plugin-host-oci.rRTFFn/vendor/rand-0.9.5
   Vendoring rand_chacha v0.9.0 (/root/.cargo/registry/src/index.crates.io-1949cf8c6b5b557f/rand_chacha-0.9.0) to /tmp/masi-plugin-host-oci.rRTFFn/vendor/rand_chacha-0.9.0
   Vendoring rand_core v0.9.5 (/root/.cargo/registry/src/index.crates.io-1949cf8c6b5b557f/rand_core-0.9.5) to /tmp/masi-plugin-host-oci.rRTFFn/vendor/rand_core-0.9.5
   Vendoring rand_xorshift v0.4.0 (/root/.cargo/registry/src/index.crates.io-1949cf8c6b5b557f/rand_xorshift-0.4.0) to /tmp/masi-plugin-host-oci.rRTFFn/vendor/rand_xorshift-0.4.0
   Vendoring rcgen v0.14.9 (/root/.cargo/registry/src/index.crates.io-1949cf8c6b5b557f/rcgen-0.14.9) to /tmp/masi-plugin-host-oci.rRTFFn/vendor/rcgen-0.14.9
   Vendoring regalloc2 v0.15.2 (/root/.cargo/registry/src/index.crates.io-1949cf8c6b5b557f/regalloc2-0.15.2) to /tmp/masi-plugin-host-oci.rRTFFn/vendor/regalloc2-0.15.2
   Vendoring regex v1.13.1 (/root/.cargo/registry/src/index.crates.io-1949cf8c6b5b557f/regex-1.13.1) to /tmp/masi-plugin-host-oci.rRTFFn/vendor/regex-1.13.1
   Vendoring regex-automata v0.4.18 (/root/.cargo/registry/src/index.crates.io-1949cf8c6b5b557f/regex-automata-0.4.18) to /tmp/masi-plugin-host-oci.rRTFFn/vendor/regex-automata-0.4.18
   Vendoring regex-syntax v0.8.11 (/root/.cargo/registry/src/index.crates.io-1949cf8c6b5b557f/regex-syntax-0.8.11) to /tmp/masi-plugin-host-oci.rRTFFn/vendor/regex-syntax-0.8.11
   Vendoring ring v0.17.14 (/root/.cargo/registry/src/index.crates.io-1949cf8c6b5b557f/ring-0.17.14) to /tmp/masi-plugin-host-oci.rRTFFn/vendor/ring-0.17.14
   Vendoring rustc-demangle v0.1.28 (/root/.cargo/registry/src/index.crates.io-1949cf8c6b5b557f/rustc-demangle-0.1.28) to /tmp/masi-plugin-host-oci.rRTFFn/vendor/rustc-demangle-0.1.28
   Vendoring rustc-hash v2.1.3 (/root/.cargo/registry/src/index.crates.io-1949cf8c6b5b557f/rustc-hash-2.1.3) to /tmp/masi-plugin-host-oci.rRTFFn/vendor/rustc-hash-2.1.3
   Vendoring rusticata-macros v4.1.0 (/root/.cargo/registry/src/index.crates.io-1949cf8c6b5b557f/rusticata-macros-4.1.0) to /tmp/masi-plugin-host-oci.rRTFFn/vendor/rusticata-macros-4.1.0
   Vendoring rustix v1.1.4 (/root/.cargo/registry/src/index.crates.io-1949cf8c6b5b557f/rustix-1.1.4) to /tmp/masi-plugin-host-oci.rRTFFn/vendor/rustix-1.1.4
   Vendoring rustls v0.23.43 (/root/.cargo/registry/src/index.crates.io-1949cf8c6b5b557f/rustls-0.23.43) to /tmp/masi-plugin-host-oci.rRTFFn/vendor/rustls-0.23.43
   Vendoring rustls-pki-types v1.15.1 (/root/.cargo/registry/src/index.crates.io-1949cf8c6b5b557f/rustls-pki-types-1.15.1) to /tmp/masi-plugin-host-oci.rRTFFn/vendor/rustls-pki-types-1.15.1
   Vendoring rustls-webpki v0.103.14 (/root/.cargo/registry/src/index.crates.io-1949cf8c6b5b557f/rustls-webpki-0.103.14) to /tmp/masi-plugin-host-oci.rRTFFn/vendor/rustls-webpki-0.103.14
   Vendoring rustversion v1.0.23 (/root/.cargo/registry/src/index.crates.io-1949cf8c6b5b557f/rustversion-1.0.23) to /tmp/masi-plugin-host-oci.rRTFFn/vendor/rustversion-1.0.23
   Vendoring rusty-fork v0.3.1 (/root/.cargo/registry/src/index.crates.io-1949cf8c6b5b557f/rusty-fork-0.3.1) to /tmp/masi-plugin-host-oci.rRTFFn/vendor/rusty-fork-0.3.1
   Vendoring semver v1.0.28 (/root/.cargo/registry/src/index.crates.io-1949cf8c6b5b557f/semver-1.0.28) to /tmp/masi-plugin-host-oci.rRTFFn/vendor/semver-1.0.28
   Vendoring serde v1.0.229 (/root/.cargo/registry/src/index.crates.io-1949cf8c6b5b557f/serde-1.0.229) to /tmp/masi-plugin-host-oci.rRTFFn/vendor/serde-1.0.229
   Vendoring serde_core v1.0.229 (/root/.cargo/registry/src/index.crates.io-1949cf8c6b5b557f/serde_core-1.0.229) to /tmp/masi-plugin-host-oci.rRTFFn/vendor/serde_core-1.0.229
   Vendoring serde_derive v1.0.229 (/root/.cargo/registry/src/index.crates.io-1949cf8c6b5b557f/serde_derive-1.0.229) to /tmp/masi-plugin-host-oci.rRTFFn/vendor/serde_derive-1.0.229
   Vendoring serde_json v1.0.151 (/root/.cargo/registry/src/index.crates.io-1949cf8c6b5b557f/serde_json-1.0.151) to /tmp/masi-plugin-host-oci.rRTFFn/vendor/serde_json-1.0.151
   Vendoring serde_path_to_error v0.1.20 (/root/.cargo/registry/src/index.crates.io-1949cf8c6b5b557f/serde_path_to_error-0.1.20) to /tmp/masi-plugin-host-oci.rRTFFn/vendor/serde_path_to_error-0.1.20
   Vendoring sha2 v0.10.9 (/root/.cargo/registry/src/index.crates.io-1949cf8c6b5b557f/sha2-0.10.9) to /tmp/masi-plugin-host-oci.rRTFFn/vendor/sha2-0.10.9
   Vendoring sharded-slab v0.1.7 (/root/.cargo/registry/src/index.crates.io-1949cf8c6b5b557f/sharded-slab-0.1.7) to /tmp/masi-plugin-host-oci.rRTFFn/vendor/sharded-slab-0.1.7
   Vendoring shlex v2.0.1 (/root/.cargo/registry/src/index.crates.io-1949cf8c6b5b557f/shlex-2.0.1) to /tmp/masi-plugin-host-oci.rRTFFn/vendor/shlex-2.0.1
   Vendoring signal-hook-registry v1.4.8 (/root/.cargo/registry/src/index.crates.io-1949cf8c6b5b557f/signal-hook-registry-1.4.8) to /tmp/masi-plugin-host-oci.rRTFFn/vendor/signal-hook-registry-1.4.8
   Vendoring slab v0.4.12 (/root/.cargo/registry/src/index.crates.io-1949cf8c6b5b557f/slab-0.4.12) to /tmp/masi-plugin-host-oci.rRTFFn/vendor/slab-0.4.12
   Vendoring smallvec v1.15.2 (/root/.cargo/registry/src/index.crates.io-1949cf8c6b5b557f/smallvec-1.15.2) to /tmp/masi-plugin-host-oci.rRTFFn/vendor/smallvec-1.15.2
   Vendoring socket2 v0.6.5 (/root/.cargo/registry/src/index.crates.io-1949cf8c6b5b557f/socket2-0.6.5) to /tmp/masi-plugin-host-oci.rRTFFn/vendor/socket2-0.6.5
   Vendoring stable_deref_trait v1.2.1 (/root/.cargo/registry/src/index.crates.io-1949cf8c6b5b557f/stable_deref_trait-1.2.1) to /tmp/masi-plugin-host-oci.rRTFFn/vendor/stable_deref_trait-1.2.1
   Vendoring strsim v0.11.1 (/root/.cargo/registry/src/index.crates.io-1949cf8c6b5b557f/strsim-0.11.1) to /tmp/masi-plugin-host-oci.rRTFFn/vendor/strsim-0.11.1
   Vendoring subtle v2.6.1 (/root/.cargo/registry/src/index.crates.io-1949cf8c6b5b557f/subtle-2.6.1) to /tmp/masi-plugin-host-oci.rRTFFn/vendor/subtle-2.6.1
   Vendoring syn v2.0.119 (/root/.cargo/registry/src/index.crates.io-1949cf8c6b5b557f/syn-2.0.119) to /tmp/masi-plugin-host-oci.rRTFFn/vendor/syn-2.0.119
   Vendoring syn v3.0.3 (/root/.cargo/registry/src/index.crates.io-1949cf8c6b5b557f/syn-3.0.3) to /tmp/masi-plugin-host-oci.rRTFFn/vendor/syn-3.0.3
   Vendoring sync_wrapper v1.0.2 (/root/.cargo/registry/src/index.crates.io-1949cf8c6b5b557f/sync_wrapper-1.0.2) to /tmp/masi-plugin-host-oci.rRTFFn/vendor/sync_wrapper-1.0.2
   Vendoring synstructure v0.13.2 (/root/.cargo/registry/src/index.crates.io-1949cf8c6b5b557f/synstructure-0.13.2) to /tmp/masi-plugin-host-oci.rRTFFn/vendor/synstructure-0.13.2
   Vendoring target-lexicon v0.13.5 (/root/.cargo/registry/src/index.crates.io-1949cf8c6b5b557f/target-lexicon-0.13.5) to /tmp/masi-plugin-host-oci.rRTFFn/vendor/target-lexicon-0.13.5
   Vendoring tempfile v3.27.0 (/root/.cargo/registry/src/index.crates.io-1949cf8c6b5b557f/tempfile-3.27.0) to /tmp/masi-plugin-host-oci.rRTFFn/vendor/tempfile-3.27.0
   Vendoring termcolor v1.4.1 (/root/.cargo/registry/src/index.crates.io-1949cf8c6b5b557f/termcolor-1.4.1) to /tmp/masi-plugin-host-oci.rRTFFn/vendor/termcolor-1.4.1
   Vendoring thiserror v2.0.20 (/root/.cargo/registry/src/index.crates.io-1949cf8c6b5b557f/thiserror-2.0.20) to /tmp/masi-plugin-host-oci.rRTFFn/vendor/thiserror-2.0.20
   Vendoring thiserror-impl v2.0.20 (/root/.cargo/registry/src/index.crates.io-1949cf8c6b5b557f/thiserror-impl-2.0.20) to /tmp/masi-plugin-host-oci.rRTFFn/vendor/thiserror-impl-2.0.20
   Vendoring thread_local v1.1.10 (/root/.cargo/registry/src/index.crates.io-1949cf8c6b5b557f/thread_local-1.1.10) to /tmp/masi-plugin-host-oci.rRTFFn/vendor/thread_local-1.1.10
   Vendoring time v0.3.55 (/root/.cargo/registry/src/index.crates.io-1949cf8c6b5b557f/time-0.3.55) to /tmp/masi-plugin-host-oci.rRTFFn/vendor/time-0.3.55
   Vendoring time-core v0.1.9 (/root/.cargo/registry/src/index.crates.io-1949cf8c6b5b557f/time-core-0.1.9) to /tmp/masi-plugin-host-oci.rRTFFn/vendor/time-core-0.1.9
   Vendoring time-macros v0.2.32 (/root/.cargo/registry/src/index.crates.io-1949cf8c6b5b557f/time-macros-0.2.32) to /tmp/masi-plugin-host-oci.rRTFFn/vendor/time-macros-0.2.32
   Vendoring tokio v1.53.1 (/root/.cargo/registry/src/index.crates.io-1949cf8c6b5b557f/tokio-1.53.1) to /tmp/masi-plugin-host-oci.rRTFFn/vendor/tokio-1.53.1
   Vendoring tokio-macros v2.7.2 (/root/.cargo/registry/src/index.crates.io-1949cf8c6b5b557f/tokio-macros-2.7.2) to /tmp/masi-plugin-host-oci.rRTFFn/vendor/tokio-macros-2.7.2
   Vendoring tokio-rustls v0.26.4 (/root/.cargo/registry/src/index.crates.io-1949cf8c6b5b557f/tokio-rustls-0.26.4) to /tmp/masi-plugin-host-oci.rRTFFn/vendor/tokio-rustls-0.26.4
   Vendoring tokio-stream v0.1.19 (/root/.cargo/registry/src/index.crates.io-1949cf8c6b5b557f/tokio-stream-0.1.19) to /tmp/masi-plugin-host-oci.rRTFFn/vendor/tokio-stream-0.1.19
   Vendoring tokio-util v0.7.19 (/root/.cargo/registry/src/index.crates.io-1949cf8c6b5b557f/tokio-util-0.7.19) to /tmp/masi-plugin-host-oci.rRTFFn/vendor/tokio-util-0.7.19
   Vendoring tonic v0.14.6 (/root/.cargo/registry/src/index.crates.io-1949cf8c6b5b557f/tonic-0.14.6) to /tmp/masi-plugin-host-oci.rRTFFn/vendor/tonic-0.14.6
   Vendoring tonic-build v0.14.6 (/root/.cargo/registry/src/index.crates.io-1949cf8c6b5b557f/tonic-build-0.14.6) to /tmp/masi-plugin-host-oci.rRTFFn/vendor/tonic-build-0.14.6
   Vendoring tonic-health v0.14.6 (/root/.cargo/registry/src/index.crates.io-1949cf8c6b5b557f/tonic-health-0.14.6) to /tmp/masi-plugin-host-oci.rRTFFn/vendor/tonic-health-0.14.6
   Vendoring tonic-prost v0.14.6 (/root/.cargo/registry/src/index.crates.io-1949cf8c6b5b557f/tonic-prost-0.14.6) to /tmp/masi-plugin-host-oci.rRTFFn/vendor/tonic-prost-0.14.6
   Vendoring tonic-prost-build v0.14.6 (/root/.cargo/registry/src/index.crates.io-1949cf8c6b5b557f/tonic-prost-build-0.14.6) to /tmp/masi-plugin-host-oci.rRTFFn/vendor/tonic-prost-build-0.14.6
   Vendoring tower v0.5.3 (/root/.cargo/registry/src/index.crates.io-1949cf8c6b5b557f/tower-0.5.3) to /tmp/masi-plugin-host-oci.rRTFFn/vendor/tower-0.5.3
   Vendoring tower-layer v0.3.3 (/root/.cargo/registry/src/index.crates.io-1949cf8c6b5b557f/tower-layer-0.3.3) to /tmp/masi-plugin-host-oci.rRTFFn/vendor/tower-layer-0.3.3
   Vendoring tower-service v0.3.3 (/root/.cargo/registry/src/index.crates.io-1949cf8c6b5b557f/tower-service-0.3.3) to /tmp/masi-plugin-host-oci.rRTFFn/vendor/tower-service-0.3.3
   Vendoring tracing v0.1.44 (/root/.cargo/registry/src/index.crates.io-1949cf8c6b5b557f/tracing-0.1.44) to /tmp/masi-plugin-host-oci.rRTFFn/vendor/tracing-0.1.44
   Vendoring tracing-attributes v0.1.31 (/root/.cargo/registry/src/index.crates.io-1949cf8c6b5b557f/tracing-attributes-0.1.31) to /tmp/masi-plugin-host-oci.rRTFFn/vendor/tracing-attributes-0.1.31
   Vendoring tracing-core v0.1.36 (/root/.cargo/registry/src/index.crates.io-1949cf8c6b5b557f/tracing-core-0.1.36) to /tmp/masi-plugin-host-oci.rRTFFn/vendor/tracing-core-0.1.36
   Vendoring tracing-log v0.2.0 (/root/.cargo/registry/src/index.crates.io-1949cf8c6b5b557f/tracing-log-0.2.0) to /tmp/masi-plugin-host-oci.rRTFFn/vendor/tracing-log-0.2.0
   Vendoring tracing-serde v0.2.0 (/root/.cargo/registry/src/index.crates.io-1949cf8c6b5b557f/tracing-serde-0.2.0) to /tmp/masi-plugin-host-oci.rRTFFn/vendor/tracing-serde-0.2.0
   Vendoring tracing-subscriber v0.3.23 (/root/.cargo/registry/src/index.crates.io-1949cf8c6b5b557f/tracing-subscriber-0.3.23) to /tmp/masi-plugin-host-oci.rRTFFn/vendor/tracing-subscriber-0.3.23
   Vendoring try-lock v0.2.5 (/root/.cargo/registry/src/index.crates.io-1949cf8c6b5b557f/try-lock-0.2.5) to /tmp/masi-plugin-host-oci.rRTFFn/vendor/try-lock-0.2.5
   Vendoring typenum v1.20.1 (/root/.cargo/registry/src/index.crates.io-1949cf8c6b5b557f/typenum-1.20.1) to /tmp/masi-plugin-host-oci.rRTFFn/vendor/typenum-1.20.1
   Vendoring unarray v0.1.4 (/root/.cargo/registry/src/index.crates.io-1949cf8c6b5b557f/unarray-0.1.4) to /tmp/masi-plugin-host-oci.rRTFFn/vendor/unarray-0.1.4
   Vendoring unicase v2.9.0 (/root/.cargo/registry/src/index.crates.io-1949cf8c6b5b557f/unicase-2.9.0) to /tmp/masi-plugin-host-oci.rRTFFn/vendor/unicase-2.9.0
   Vendoring unicode-ident v1.0.24 (/root/.cargo/registry/src/index.crates.io-1949cf8c6b5b557f/unicode-ident-1.0.24) to /tmp/masi-plugin-host-oci.rRTFFn/vendor/unicode-ident-1.0.24
   Vendoring unicode-width v0.2.2 (/root/.cargo/registry/src/index.crates.io-1949cf8c6b5b557f/unicode-width-0.2.2) to /tmp/masi-plugin-host-oci.rRTFFn/vendor/unicode-width-0.2.2
   Vendoring untrusted v0.9.0 (/root/.cargo/registry/src/index.crates.io-1949cf8c6b5b557f/untrusted-0.9.0) to /tmp/masi-plugin-host-oci.rRTFFn/vendor/untrusted-0.9.0
   Vendoring utf8parse v0.2.2 (/root/.cargo/registry/src/index.crates.io-1949cf8c6b5b557f/utf8parse-0.2.2) to /tmp/masi-plugin-host-oci.rRTFFn/vendor/utf8parse-0.2.2
   Vendoring uuid v1.24.1 (/root/.cargo/registry/src/index.crates.io-1949cf8c6b5b557f/uuid-1.24.1) to /tmp/masi-plugin-host-oci.rRTFFn/vendor/uuid-1.24.1
   Vendoring valuable v0.1.1 (/root/.cargo/registry/src/index.crates.io-1949cf8c6b5b557f/valuable-0.1.1) to /tmp/masi-plugin-host-oci.rRTFFn/vendor/valuable-0.1.1
   Vendoring version_check v0.9.5 (/root/.cargo/registry/src/index.crates.io-1949cf8c6b5b557f/version_check-0.9.5) to /tmp/masi-plugin-host-oci.rRTFFn/vendor/version_check-0.9.5
   Vendoring wait-timeout v0.2.1 (/root/.cargo/registry/src/index.crates.io-1949cf8c6b5b557f/wait-timeout-0.2.1) to /tmp/masi-plugin-host-oci.rRTFFn/vendor/wait-timeout-0.2.1
   Vendoring want v0.3.1 (/root/.cargo/registry/src/index.crates.io-1949cf8c6b5b557f/want-0.3.1) to /tmp/masi-plugin-host-oci.rRTFFn/vendor/want-0.3.1
   Vendoring wasi v0.11.1+wasi-snapshot-preview1 (/root/.cargo/registry/src/index.crates.io-1949cf8c6b5b557f/wasi-0.11.1+wasi-snapshot-preview1) to /tmp/masi-plugin-host-oci.rRTFFn/vendor/wasi-0.11.1+wasi-snapshot-preview1
   Vendoring wasip2 v1.0.4+wasi-0.2.12 (/root/.cargo/registry/src/index.crates.io-1949cf8c6b5b557f/wasip2-1.0.4+wasi-0.2.12) to /tmp/masi-plugin-host-oci.rRTFFn/vendor/wasip2-1.0.4+wasi-0.2.12
   Vendoring wasm-bindgen v0.2.127 (/root/.cargo/registry/src/index.crates.io-1949cf8c6b5b557f/wasm-bindgen-0.2.127) to /tmp/masi-plugin-host-oci.rRTFFn/vendor/wasm-bindgen-0.2.127
   Vendoring wasm-bindgen-macro v0.2.127 (/root/.cargo/registry/src/index.crates.io-1949cf8c6b5b557f/wasm-bindgen-macro-0.2.127) to /tmp/masi-plugin-host-oci.rRTFFn/vendor/wasm-bindgen-macro-0.2.127
   Vendoring wasm-bindgen-macro-support v0.2.127 (/root/.cargo/registry/src/index.crates.io-1949cf8c6b5b557f/wasm-bindgen-macro-support-0.2.127) to /tmp/masi-plugin-host-oci.rRTFFn/vendor/wasm-bindgen-macro-support-0.2.127
   Vendoring wasm-bindgen-shared v0.2.127 (/root/.cargo/registry/src/index.crates.io-1949cf8c6b5b557f/wasm-bindgen-shared-0.2.127) to /tmp/masi-plugin-host-oci.rRTFFn/vendor/wasm-bindgen-shared-0.2.127
   Vendoring wasm-encoder v0.252.0 (/root/.cargo/registry/src/index.crates.io-1949cf8c6b5b557f/wasm-encoder-0.252.0) to /tmp/masi-plugin-host-oci.rRTFFn/vendor/wasm-encoder-0.252.0
   Vendoring wasm-encoder v0.257.1 (/root/.cargo/registry/src/index.crates.io-1949cf8c6b5b557f/wasm-encoder-0.257.1) to /tmp/masi-plugin-host-oci.rRTFFn/vendor/wasm-encoder-0.257.1
   Vendoring wasmparser v0.252.0 (/root/.cargo/registry/src/index.crates.io-1949cf8c6b5b557f/wasmparser-0.252.0) to /tmp/masi-plugin-host-oci.rRTFFn/vendor/wasmparser-0.252.0
   Vendoring wasmparser v0.257.1 (/root/.cargo/registry/src/index.crates.io-1949cf8c6b5b557f/wasmparser-0.257.1) to /tmp/masi-plugin-host-oci.rRTFFn/vendor/wasmparser-0.257.1
   Vendoring wasmprinter v0.252.0 (/root/.cargo/registry/src/index.crates.io-1949cf8c6b5b557f/wasmprinter-0.252.0) to /tmp/masi-plugin-host-oci.rRTFFn/vendor/wasmprinter-0.252.0
   Vendoring wasmtime v47.0.3 (/root/.cargo/registry/src/index.crates.io-1949cf8c6b5b557f/wasmtime-47.0.3) to /tmp/masi-plugin-host-oci.rRTFFn/vendor/wasmtime-47.0.3
   Vendoring wasmtime-environ v47.0.3 (/root/.cargo/registry/src/index.crates.io-1949cf8c6b5b557f/wasmtime-environ-47.0.3) to /tmp/masi-plugin-host-oci.rRTFFn/vendor/wasmtime-environ-47.0.3
   Vendoring wasmtime-internal-component-macro v47.0.3 (/root/.cargo/registry/src/index.crates.io-1949cf8c6b5b557f/wasmtime-internal-component-macro-47.0.3) to /tmp/masi-plugin-host-oci.rRTFFn/vendor/wasmtime-internal-component-macro-47.0.3
   Vendoring wasmtime-internal-component-util v47.0.3 (/root/.cargo/registry/src/index.crates.io-1949cf8c6b5b557f/wasmtime-internal-component-util-47.0.3) to /tmp/masi-plugin-host-oci.rRTFFn/vendor/wasmtime-internal-component-util-47.0.3
   Vendoring wasmtime-internal-core v47.0.3 (/root/.cargo/registry/src/index.crates.io-1949cf8c6b5b557f/wasmtime-internal-core-47.0.3) to /tmp/masi-plugin-host-oci.rRTFFn/vendor/wasmtime-internal-core-47.0.3
   Vendoring wasmtime-internal-cranelift v47.0.3 (/root/.cargo/registry/src/index.crates.io-1949cf8c6b5b557f/wasmtime-internal-cranelift-47.0.3) to /tmp/masi-plugin-host-oci.rRTFFn/vendor/wasmtime-internal-cranelift-47.0.3
   Vendoring wasmtime-internal-fiber v47.0.3 (/root/.cargo/registry/src/index.crates.io-1949cf8c6b5b557f/wasmtime-internal-fiber-47.0.3) to /tmp/masi-plugin-host-oci.rRTFFn/vendor/wasmtime-internal-fiber-47.0.3
   Vendoring wasmtime-internal-jit-debug v47.0.3 (/root/.cargo/registry/src/index.crates.io-1949cf8c6b5b557f/wasmtime-internal-jit-debug-47.0.3) to /tmp/masi-plugin-host-oci.rRTFFn/vendor/wasmtime-internal-jit-debug-47.0.3
   Vendoring wasmtime-internal-jit-icache-coherence v47.0.3 (/root/.cargo/registry/src/index.crates.io-1949cf8c6b5b557f/wasmtime-internal-jit-icache-coherence-47.0.3) to /tmp/masi-plugin-host-oci.rRTFFn/vendor/wasmtime-internal-jit-icache-coherence-47.0.3
   Vendoring wasmtime-internal-unwinder v47.0.3 (/root/.cargo/registry/src/index.crates.io-1949cf8c6b5b557f/wasmtime-internal-unwinder-47.0.3) to /tmp/masi-plugin-host-oci.rRTFFn/vendor/wasmtime-internal-unwinder-47.0.3
   Vendoring wasmtime-internal-versioned-export-macros v47.0.3 (/root/.cargo/registry/src/index.crates.io-1949cf8c6b5b557f/wasmtime-internal-versioned-export-macros-47.0.3) to /tmp/masi-plugin-host-oci.rRTFFn/vendor/wasmtime-internal-versioned-export-macros-47.0.3
   Vendoring wasmtime-internal-wit-bindgen v47.0.3 (/root/.cargo/registry/src/index.crates.io-1949cf8c6b5b557f/wasmtime-internal-wit-bindgen-47.0.3) to /tmp/masi-plugin-host-oci.rRTFFn/vendor/wasmtime-internal-wit-bindgen-47.0.3
   Vendoring wast v257.0.1 (/root/.cargo/registry/src/index.crates.io-1949cf8c6b5b557f/wast-257.0.1) to /tmp/masi-plugin-host-oci.rRTFFn/vendor/wast-257.0.1
   Vendoring wat v1.257.1 (/root/.cargo/registry/src/index.crates.io-1949cf8c6b5b557f/wat-1.257.1) to /tmp/masi-plugin-host-oci.rRTFFn/vendor/wat-1.257.1
   Vendoring winapi-util v0.1.11 (/root/.cargo/registry/src/index.crates.io-1949cf8c6b5b557f/winapi-util-0.1.11) to /tmp/masi-plugin-host-oci.rRTFFn/vendor/winapi-util-0.1.11
   Vendoring windows-link v0.2.1 (/root/.cargo/registry/src/index.crates.io-1949cf8c6b5b557f/windows-link-0.2.1) to /tmp/masi-plugin-host-oci.rRTFFn/vendor/windows-link-0.2.1
   Vendoring windows-sys v0.52.0 (/root/.cargo/registry/src/index.crates.io-1949cf8c6b5b557f/windows-sys-0.52.0) to /tmp/masi-plugin-host-oci.rRTFFn/vendor/windows-sys-0.52.0
   Vendoring windows-sys v0.61.2 (/root/.cargo/registry/src/index.crates.io-1949cf8c6b5b557f/windows-sys-0.61.2) to /tmp/masi-plugin-host-oci.rRTFFn/vendor/windows-sys-0.61.2
   Vendoring windows-targets v0.52.6 (/root/.cargo/registry/src/index.crates.io-1949cf8c6b5b557f/windows-targets-0.52.6) to /tmp/masi-plugin-host-oci.rRTFFn/vendor/windows-targets-0.52.6
   Vendoring windows_aarch64_gnullvm v0.52.6 (/root/.cargo/registry/src/index.crates.io-1949cf8c6b5b557f/windows_aarch64_gnullvm-0.52.6) to /tmp/masi-plugin-host-oci.rRTFFn/vendor/windows_aarch64_gnullvm-0.52.6
   Vendoring windows_aarch64_msvc v0.52.6 (/root/.cargo/registry/src/index.crates.io-1949cf8c6b5b557f/windows_aarch64_msvc-0.52.6) to /tmp/masi-plugin-host-oci.rRTFFn/vendor/windows_aarch64_msvc-0.52.6
   Vendoring windows_i686_gnu v0.52.6 (/root/.cargo/registry/src/index.crates.io-1949cf8c6b5b557f/windows_i686_gnu-0.52.6) to /tmp/masi-plugin-host-oci.rRTFFn/vendor/windows_i686_gnu-0.52.6
   Vendoring windows_i686_gnullvm v0.52.6 (/root/.cargo/registry/src/index.crates.io-1949cf8c6b5b557f/windows_i686_gnullvm-0.52.6) to /tmp/masi-plugin-host-oci.rRTFFn/vendor/windows_i686_gnullvm-0.52.6
   Vendoring windows_i686_msvc v0.52.6 (/root/.cargo/registry/src/index.crates.io-1949cf8c6b5b557f/windows_i686_msvc-0.52.6) to /tmp/masi-plugin-host-oci.rRTFFn/vendor/windows_i686_msvc-0.52.6
   Vendoring windows_x86_64_gnu v0.52.6 (/root/.cargo/registry/src/index.crates.io-1949cf8c6b5b557f/windows_x86_64_gnu-0.52.6) to /tmp/masi-plugin-host-oci.rRTFFn/vendor/windows_x86_64_gnu-0.52.6
   Vendoring windows_x86_64_gnullvm v0.52.6 (/root/.cargo/registry/src/index.crates.io-1949cf8c6b5b557f/windows_x86_64_gnullvm-0.52.6) to /tmp/masi-plugin-host-oci.rRTFFn/vendor/windows_x86_64_gnullvm-0.52.6
   Vendoring windows_x86_64_msvc v0.52.6 (/root/.cargo/registry/src/index.crates.io-1949cf8c6b5b557f/windows_x86_64_msvc-0.52.6) to /tmp/masi-plugin-host-oci.rRTFFn/vendor/windows_x86_64_msvc-0.52.6
   Vendoring wit-bindgen v0.57.1 (/root/.cargo/registry/src/index.crates.io-1949cf8c6b5b557f/wit-bindgen-0.57.1) to /tmp/masi-plugin-host-oci.rRTFFn/vendor/wit-bindgen-0.57.1
   Vendoring wit-parser v0.252.0 (/root/.cargo/registry/src/index.crates.io-1949cf8c6b5b557f/wit-parser-0.252.0) to /tmp/masi-plugin-host-oci.rRTFFn/vendor/wit-parser-0.252.0
   Vendoring x509-parser v0.18.1 (/root/.cargo/registry/src/index.crates.io-1949cf8c6b5b557f/x509-parser-0.18.1) to /tmp/masi-plugin-host-oci.rRTFFn/vendor/x509-parser-0.18.1
   Vendoring yasna v0.6.0 (/root/.cargo/registry/src/index.crates.io-1949cf8c6b5b557f/yasna-0.6.0) to /tmp/masi-plugin-host-oci.rRTFFn/vendor/yasna-0.6.0
   Vendoring zerocopy v0.8.56 (/root/.cargo/registry/src/index.crates.io-1949cf8c6b5b557f/zerocopy-0.8.56) to /tmp/masi-plugin-host-oci.rRTFFn/vendor/zerocopy-0.8.56
   Vendoring zerocopy-derive v0.8.56 (/root/.cargo/registry/src/index.crates.io-1949cf8c6b5b557f/zerocopy-derive-0.8.56) to /tmp/masi-plugin-host-oci.rRTFFn/vendor/zerocopy-derive-0.8.56
   Vendoring zeroize v1.9.0 (/root/.cargo/registry/src/index.crates.io-1949cf8c6b5b557f/zeroize-1.9.0) to /tmp/masi-plugin-host-oci.rRTFFn/vendor/zeroize-1.9.0
   Vendoring zmij v1.0.23 (/root/.cargo/registry/src/index.crates.io-1949cf8c6b5b557f/zmij-1.0.23) to /tmp/masi-plugin-host-oci.rRTFFn/vendor/zmij-1.0.23
To use vendored sources, add this to your .cargo/config.toml for this project:

