#0 building with "default" instance using docker driver

#1 [internal] load build definition from Dockerfile
#1 DONE 0.0s

#1 [internal] load build definition from Dockerfile
#1 transferring dockerfile: 2.34kB done
#1 DONE 0.0s

#2 [context cargo_vendor] load .dockerignore
#2 transferring cargo_vendor: 2B done
#2 DONE 0.0s

#3 [internal] load metadata for docker.io/library/rust@sha256:408fe88047cef61a2087653b0c5255fa51c0f2d6d94ddedd7a2562a9b91a46f6
#3 DONE 0.0s

#4 [internal] load metadata for gcr.io/distroless/cc-debian12@sha256:adcd20c7b4c988b73cbfbddb26d2eee574571e6d7c9ffea29b3821e0690efb77
#4 DONE 1.4s

#5 [internal] load .dockerignore
#5 transferring context:
#5 transferring context: 545B done
#5 DONE 0.7s

#6 [builder 1/6] FROM docker.io/library/rust@sha256:408fe88047cef61a2087653b0c5255fa51c0f2d6d94ddedd7a2562a9b91a46f6
#6 resolve docker.io/library/rust@sha256:408fe88047cef61a2087653b0c5255fa51c0f2d6d94ddedd7a2562a9b91a46f6 done
#6 DONE 0.0s

#7 [stage-1 1/2] FROM gcr.io/distroless/cc-debian12@sha256:adcd20c7b4c988b73cbfbddb26d2eee574571e6d7c9ffea29b3821e0690efb77
#7 resolve gcr.io/distroless/cc-debian12@sha256:adcd20c7b4c988b73cbfbddb26d2eee574571e6d7c9ffea29b3821e0690efb77 0.0s done
#7 DONE 0.0s

#8 [internal] load build context
#8 transferring context: 132.88kB 0.0s done
#8 DONE 0.0s

#9 [builder 2/6] WORKDIR /workspace/plugin-host-rs
#9 CACHED

#10 [builder 3/6] COPY plugin-host-rs/Cargo.toml plugin-host-rs/Cargo.lock plugin-host-rs/build.rs plugin-host-rs/rust-toolchain.toml ./
#10 CACHED

#11 [context cargo_vendor] load from client
#11 ...

#12 [builder 4/6] COPY plugin-host-rs/src ./src
#12 DONE 0.3s

#11 [context cargo_vendor] load from client
#11 transferring cargo_vendor: 2.26MB 0.4s done
#11 DONE 0.4s

#13 [builder 5/6] COPY contracts /workspace/contracts
#13 DONE 0.4s

#14 [builder 6/6] RUN --network=none --mount=type=bind,from=cargo_vendor,target=/vendor,readonly     CARGO_NET_OFFLINE=true cargo build --offline --locked --release --bin masi-plugin-host       --config 'source.crates-io.replace-with="vendored-sources"'       --config 'source.vendored-sources.directory="/vendor"'
#14 2.170    Compiling proc-macro2 v1.0.107
#14 2.170    Compiling unicode-ident v1.0.24
#14 2.170    Compiling quote v1.0.47
#14 2.170    Compiling serde_core v1.0.229
#14 2.170    Compiling serde v1.0.229
#14 2.170    Compiling libc v0.2.189
#14 2.171    Compiling foldhash v0.2.0
#14 2.171    Compiling cfg-if v1.0.4
#14 2.203    Compiling libm v0.2.16
#14 2.285    Compiling anyhow v1.0.104
#14 2.310    Compiling hashbrown v0.17.1
#14 2.310    Compiling equivalent v1.0.2
#14 2.329    Compiling pin-project-lite v0.2.17
#14 2.338    Compiling bytes v1.12.1
#14 2.341    Compiling heck v0.5.0
#14 2.362    Compiling once_cell v1.21.4
#14 2.430    Compiling log v0.4.33
#14 2.524    Compiling fnv v1.0.7
#14 2.562    Compiling zmij v1.0.23
#14 2.579    Compiling find-msvc-tools v0.1.11
#14 2.616    Compiling futures-core v0.3.34
#14 2.672    Compiling itoa v1.0.18
#14 2.747    Compiling shlex v2.0.1
#14 2.840    Compiling syn v3.0.3
#14 2.842    Compiling syn v2.0.119
#14 2.860    Compiling cc v1.4.3
#14 2.977    Compiling wasmtime-internal-core v47.0.3
#14 3.040    Compiling errno v0.3.14
#14 3.053    Compiling version_check v0.9.5
#14 3.074    Compiling socket2 v0.6.5
#14 3.076    Compiling mio v1.2.2
#14 3.120    Compiling signal-hook-registry v1.4.8
#14 3.245    Compiling generic-array v0.14.7
#14 3.510    Compiling tracing-core v0.1.36
#14 3.683    Compiling memchr v2.8.3
#14 3.938    Compiling cranelift-srcgen v0.134.4
#14 3.941    Compiling bitflags v2.13.1
#14 4.104    Compiling cranelift-assembler-x64-meta v0.134.4
#14 4.709    Compiling indexmap v2.14.0
#14 4.749    Compiling typenum v1.20.1
#14 5.052    Compiling http v1.5.0
#14 5.399    Compiling either v1.18.0
#14 5.525    Compiling thiserror v2.0.20
#14 5.656    Compiling futures-sink v0.3.34
#14 5.702    Compiling itertools v0.14.0
#14 5.748    Compiling cranelift-bitset v0.134.3
#14 5.786    Compiling ring v0.17.14
#14 5.819    Compiling serde_derive v1.0.229
#14 5.834    Compiling tokio-macros v2.7.2
#14 5.948    Compiling thiserror-impl v2.0.20
#14 6.052    Compiling allocator-api2 v0.2.21
#14 6.102    Compiling getrandom v0.4.3
#14 6.215    Compiling cranelift-isle v0.134.3
#14 6.280    Compiling tokio v1.53.1
#14 6.306    Compiling pulley-macros v47.0.3
#14 6.328    Compiling tracing-attributes v0.1.31
#14 6.376    Compiling slab v0.4.12
#14 6.468    Compiling pulley-interpreter v47.0.3
#14 6.508    Compiling bumpalo v3.20.3
#14 6.880    Compiling prost-derive v0.14.4
#14 6.925    Compiling http-body v1.1.0
#14 7.008    Compiling block-buffer v0.10.4
#14 7.101    Compiling crypto-common v0.1.7
#14 7.156    Compiling tracing v0.1.44
#14 7.164    Compiling httparse v1.10.1
#14 7.331    Compiling cranelift-codegen-shared v0.134.4
#14 7.337    Compiling target-lexicon v0.13.5
#14 7.387    Compiling digest v0.10.7
#14 7.435    Compiling cobs v0.3.0
#14 7.611    Compiling cranelift-assembler-x64 v0.134.4
#14 7.649    Compiling cranelift-codegen-meta v0.134.3
#14 7.725    Compiling cpufeatures v0.2.17
#14 7.753    Compiling atomic-waker v1.1.2
#14 7.802    Compiling futures-task v0.3.34
#14 7.815    Compiling try-lock v0.2.5
#14 7.862    Compiling hashbrown v0.16.1
#14 7.881    Compiling leb128fmt v0.1.0
#14 7.944    Compiling tower-service v0.3.3
#14 7.989    Compiling futures-util v0.3.34
#14 8.308    Compiling want v0.3.1
#14 8.423    Compiling gimli v0.33.0
#14 8.466    Compiling sha2 v0.10.9
#14 8.645    Compiling smallvec v1.15.2
#14 9.584    Compiling cranelift-entity v0.134.3
#14 9.620    Compiling postcard v1.1.3
#14 9.960    Compiling cranelift-bforest v0.134.3
#14 9.966    Compiling getrandom v0.2.17
#14 10.08    Compiling cranelift-codegen v0.134.3
#14 10.12    Compiling futures-channel v0.3.34
#14 10.22    Compiling rustix v1.1.4
#14 10.30    Compiling arbitrary v1.4.2
#14 10.30    Compiling tokio-util v0.7.19
#14 10.31    Compiling rustc-hash v2.1.3
#14 10.37    Compiling untrusted v0.9.0
#14 10.38    Compiling httpdate v1.0.3
#14 10.41    Compiling serde_json v1.0.151
#14 10.43    Compiling pulldown-cmark v0.13.4
#14 10.49    Compiling prettyplease v0.2.37
#14 10.50    Compiling zeroize v1.9.0
#14 10.58    Compiling crc32fast v1.5.0
#14 10.61    Compiling rustls-pki-types v1.15.1
#14 10.75    Compiling h2 v0.4.18
#14 11.18    Compiling cranelift-control v0.134.4
#14 11.29    Compiling regalloc2 v0.15.2
#14 13.99    Compiling hyper v1.11.0
#14 15.28    Compiling semver v1.0.28
#14 15.87    Compiling tower-layer v0.3.3
#14 15.88    Compiling rustls v0.23.43
#14 15.98    Compiling unicase v2.9.0
#14 16.08    Compiling object v0.39.1
#14 16.21    Compiling foldhash v0.1.5
#14 16.28    Compiling regex-syntax v0.8.11
#14 16.56    Compiling sync_wrapper v1.0.2
#14 16.76    Compiling linux-raw-sys v0.12.1
#14 17.05    Compiling prost v0.14.4
#14 17.24    Compiling regex-automata v0.4.18
#14 17.29    Compiling hashbrown v0.15.5
#14 18.04    Compiling wasmparser v0.252.0
#14 18.35    Compiling hyper-util v0.1.20
#14 18.37    Compiling rustls-webpki v0.103.14
#14 18.99    Compiling http-body-util v0.1.5
#14 19.20    Compiling termcolor v1.4.1
#14 19.55    Compiling fastrand v2.5.0
#14 19.80    Compiling mime v0.3.17
#14 19.87    Compiling subtle v2.6.1
#14 19.95    Compiling fixedbitset v0.5.7
#14 20.18    Compiling petgraph v0.8.3
#14 20.41    Compiling axum-core v0.5.6
#14 21.36    Compiling tempfile v3.27.0
#14 21.65    Compiling regex v1.13.1
#14 21.97    Compiling pulldown-cmark-to-cmark v22.0.1
#14 22.22    Compiling prost-types v0.14.4
#14 22.62    Compiling tower v0.5.3
#14 22.86    Compiling wasm-encoder v0.252.0
#14 23.09    Compiling wasmtime-internal-versioned-export-macros v47.0.3
#14 23.26    Compiling pin-project-internal v1.1.13
#14 23.43    Compiling async-trait v0.1.92
#14 24.01    Compiling wasmprinter v0.252.0
#14 24.01    Compiling serde_path_to_error v0.1.20
#14 24.39    Compiling wasmtime-internal-component-util v47.0.3
#14 24.44    Compiling matchit v0.8.4
#14 24.97    Compiling wasmtime-internal-unwinder v47.0.3
#14 25.08    Compiling utf8parse v0.2.2
#14 25.12    Compiling id-arena v2.3.0
#14 25.20    Compiling percent-encoding v2.3.2
#14 25.57    Compiling multimap v0.10.1
#14 25.66    Compiling prost-build v0.14.4
#14 25.71    Compiling wasmtime-environ v47.0.3
#14 26.71    Compiling wit-parser v0.252.0
#14 28.04    Compiling axum v0.8.9
#14 28.73    Compiling anstyle-parse v1.0.0
#14 28.86    Compiling pin-project v1.1.13
#14 28.91    Compiling tokio-rustls v0.26.4
#14 29.11    Compiling hyper-timeout v0.5.2
#14 29.24    Compiling tonic-build v0.14.6
#14 29.85    Compiling tokio-stream v0.1.19
#14 30.40    Compiling wasm-encoder v0.257.1
#14 31.00    Compiling protoc-bin-vendored-macos-x86_64 v3.2.0
#14 33.40    Compiling colorchoice v1.0.5
#14 33.46    Compiling is_terminal_polyfill v1.70.2
#14 33.48    Compiling wasmtime-internal-component-macro v47.0.3
#14 33.51    Compiling protoc-bin-vendored-win32 v3.2.0
#14 33.59    Compiling wasmtime-internal-cranelift v47.0.3
#14 33.66    Compiling unicode-width v0.2.2
#14 33.82    Compiling protoc-bin-vendored-linux-s390_64 v3.2.0
#14 33.84    Compiling protoc-bin-vendored-macos-aarch_64 v3.2.0
#14 33.87    Compiling protoc-bin-vendored-linux-aarch_64 v3.2.0
#14 33.88    Compiling protoc-bin-vendored-linux-x86_32 v3.2.0
#14 33.94    Compiling base64 v0.22.1
#14 34.08    Compiling anstyle v1.0.14
#14 34.26    Compiling anstyle-query v1.1.5
#14 34.31    Compiling protoc-bin-vendored-linux-x86_64 v3.2.0
#14 34.36    Compiling protoc-bin-vendored-linux-ppcle_64 v3.2.0
#14 34.37    Compiling anstream v1.0.0
#14 34.41    Compiling protoc-bin-vendored v3.2.0
#14 34.45    Compiling tonic v0.14.6
#14 36.24    Compiling wast v257.0.1
#14 40.18    Compiling tonic-prost-build v0.14.6
#14 40.55    Compiling wasmtime-internal-wit-bindgen v47.0.3
#14 41.16    Compiling wasmtime v47.0.3
#14 41.78    Compiling lazy_static v1.5.0
#14 41.78    Compiling clap_lex v1.1.0
#14 41.82    Compiling strsim v0.11.1
#14 42.03    Compiling clap_builder v4.6.6
#14 42.58    Compiling sharded-slab v0.1.7
#14 44.57    Compiling tonic-prost v0.14.6
#14 44.69    Compiling wat v1.257.1
#14 45.26    Compiling matchers v0.2.0
#14 45.35    Compiling masi-plugin-host v0.1.0 (/workspace/plugin-host-rs)
#14 45.44    Compiling memfd v0.6.5
#14 45.67    Compiling wasmtime-internal-jit-icache-coherence v47.0.3
#14 45.70    Compiling tracing-serde v0.2.0
#14 45.74    Compiling clap_derive v4.6.4
#14 45.80    Compiling tracing-log v0.2.0
#14 46.07    Compiling thread_local v1.1.10
#14 46.26    Compiling encoding_rs v0.8.35
#14 47.02    Compiling nu-ansi-term v0.50.3
#14 47.45    Compiling tracing-subscriber v0.3.23
#14 48.04    Compiling clap v4.6.6
#14 48.19    Compiling tonic-health v0.14.6
#14 48.20    Compiling uuid v1.24.1
#14 48.64    Compiling hex v0.4.3
#14 50.83    Compiling cranelift-frontend v0.134.3
#14 51.06    Compiling cranelift-native v0.134.3
#14 100.0     Finished `release` profile [optimized] target(s) in 1m 39s
#14 DONE 100.2s

#7 [stage-1 1/2] FROM gcr.io/distroless/cc-debian12@sha256:adcd20c7b4c988b73cbfbddb26d2eee574571e6d7c9ffea29b3821e0690efb77
#7 CACHED

#15 [stage-1 2/2] COPY --from=builder --chmod=0555 /workspace/plugin-host-rs/target/release/masi-plugin-host /usr/local/bin/masi-plugin-host
#15 DONE 0.0s

#16 exporting to image
#16 exporting layers
#16 exporting layers 0.7s done
#16 exporting manifest sha256:2a8597985c6a7bf0d4ac7a82ce57d8f520a6739e26820912cbecf92243eb54b9 done
#16 exporting config sha256:760b012cb3be31f963fc75f2ab2f22aa6fe97cc5000179b8a99ad0d2147e69ce done
#16 naming to docker.io/library/masi-plugin-host:module-gates done
#16 unpacking to docker.io/library/masi-plugin-host:module-gates 0.1s done
#16 DONE 0.8s
    Finished `release` profile [optimized] target(s) in 0.11s
