40071BC955700000:error:0A00042E:SSL routines:ssl3_read_bytes:tlsv1 alert protocol version:../ssl/record/rec_layer_s3.c:1593:SSL alert number 70
CONNECTED(00000003)
---
no peer certificate available
---
No client certificate CA names sent
---
SSL handshake has read 7 bytes and written 213 bytes
Verification: OK
---
New, (NONE), Cipher is (NONE)
Secure Renegotiation IS NOT supported
Compression: NONE
Expansion: NONE
No ALPN negotiated
SSL-Session:
    Protocol  : TLSv1.2
    Cipher    : 0000
    Session-ID: 
    Session-ID-ctx: 
    Master-Key: 
    PSK identity: None
    PSK identity hint: None
    SRP username: None
    Start Time: 1787295881
    Timeout   : 7200 (sec)
    Verify return code: 0 (ok)
    Extended master secret: no
---
